src/components/sections/habit-tracker-main.tsx(53,29): error TS2339: Property 'errors' does not exist on type 'ZodError<{ name: string; frequency?: "daily" | "weekly" | undefined; color?: string | undefined; id?: string | undefined; }>'.
src/components/ui/chart.tsx(114,3): error TS2339: Property 'label' does not exist on type 'Omit<Props<ValueType, NameType>, PropertiesReadFromContext> & { active?: boolean | undefined; allowEscapeViewBox?: AllowInDimension | undefined; ... 24 more ...; wrapperStyle?: CSSProperties | undefined; } & ClassAttributes<...> & HTMLAttributes<...> & { ...; }'.
src/components/ui/chart.tsx(261,39): error TS2344: Type '"payload" | "verticalAlign"' does not satisfy the constraint '"string" | "filter" | "fill" | "values" | "children" | "className" | "style" | "clipPath" | "mask" | "path" | "id" | "key" | "suppressHydrationWarning" | "lang" | "tabIndex" | ... 431 more ... | "portal"'.
  Type '"payload"' is not assignable to type '"string" | "filter" | "fill" | "values" | "children" | "className" | "style" | "clipPath" | "mask" | "path" | "id" | "key" | "suppressHydrationWarning" | "lang" | "tabIndex" | ... 431 more ... | "portal"'.
src/components/ui/chart.tsx(267,17): error TS2339: Property 'length' does not exist on type '{}'.
src/components/ui/chart.tsx(279,16): error TS2339: Property 'map' does not exist on type '{}'.
src/components/ui/chart.tsx(279,21): error TS7006: Parameter 'item' implicitly has an 'any' type.
